error: an array of `Range` that is only one element
  --> tests/ui/single_range_in_vec_init.rs:30:5
   |
LL |     [0..200];
   |     ^^^^^^^^
   |
   = note: `-D clippy::single-range-in-vec-init` implied by `-D warnings`
   = help: to override `-D warnings` add `#[allow(clippy::single_range_in_vec_init)]`
help: if you wanted a `Vec` that contains the entire range, try
   |
LL |     (0..200).collect::<std::vec::Vec<i32>>();
   |     ~~~~~~~~~~~~~~~~~~~~~~~~~~~~~~~~~~~~~~~~
help: if you wanted an array of len 200, try
   |
LL |     [0; 200];
   |      ~~~~~~

error: a `Vec` of `Range` that is only one element
  --> tests/ui/single_range_in_vec_init.rs:31:5
   |
LL |     vec![0..200];
   |     ^^^^^^^^^^^^
   |
help: if you wanted a `Vec` that contains the entire range, try
   |
LL |     (0..200).collect::<std::vec::Vec<i32>>();
   |     ~~~~~~~~~~~~~~~~~~~~~~~~~~~~~~~~~~~~~~~~
help: if you wanted a `Vec` of len 200, try
   |
LL |     vec![0; 200];
   |          ~~~~~~

error: an array of `Range` that is only one element
  --> tests/ui/single_range_in_vec_init.rs:32:5
   |
LL |     [0u8..200];
   |     ^^^^^^^^^^
   |
help: if you wanted a `Vec` that contains the entire range, try
   |
LL |     (0u8..200).collect::<std::vec::Vec<u8>>();
   |     ~~~~~~~~~~~~~~~~~~~~~~~~~~~~~~~~~~~~~~~~~
help: if you wanted an array of len 200, try
   |
LL |     [0u8; 200];
   |      ~~~~~~~~

error: an array of `Range` that is only one element
  --> tests/ui/single_range_in_vec_init.rs:33:5
   |
LL |     [0usize..200];
   |     ^^^^^^^^^^^^^
   |
help: if you wanted a `Vec` that contains the entire range, try
   |
LL |     (0usize..200).collect::<std::vec::Vec<usize>>();
   |     ~~~~~~~~~~~~~~~~~~~~~~~~~~~~~~~~~~~~~~~~~~~~~~~
help: if you wanted an array of len 200, try
   |
LL |     [0usize; 200];
   |      ~~~~~~~~~~~

error: an array of `Range` that is only one element
  --> tests/ui/single_range_in_vec_init.rs:34:5
   |
LL |     [0..200usize];
   |     ^^^^^^^^^^^^^
   |
help: if you wanted a `Vec` that contains the entire range, try
   |
LL |     (0..200usize).collect::<std::vec::Vec<usize>>();
   |     ~~~~~~~~~~~~~~~~~~~~~~~~~~~~~~~~~~~~~~~~~~~~~~~
help: if you wanted an array of len 200usize, try
   |
LL |     [0; 200usize];
   |      ~~~~~~~~~~~

error: a `Vec` of `Range` that is only one element
  --> tests/ui/single_range_in_vec_init.rs:35:5
   |
LL |     vec![0u8..200];
   |     ^^^^^^^^^^^^^^
   |
help: if you wanted a `Vec` that contains the entire range, try
   |
LL |     (0u8..200).collect::<std::vec::Vec<u8>>();
   |     ~~~~~~~~~~~~~~~~~~~~~~~~~~~~~~~~~~~~~~~~~
help: if you wanted a `Vec` of len 200, try
   |
LL |     vec![0u8; 200];
   |          ~~~~~~~~

error: a `Vec` of `Range` that is only one element
  --> tests/ui/single_range_in_vec_init.rs:36:5
   |
LL |     vec![0usize..200];
   |     ^^^^^^^^^^^^^^^^^
   |
help: if you wanted a `Vec` that contains the entire range, try
   |
LL |     (0usize..200).collect::<std::vec::Vec<usize>>();
   |     ~~~~~~~~~~~~~~~~~~~~~~~~~~~~~~~~~~~~~~~~~~~~~~~
help: if you wanted a `Vec` of len 200, try
   |
LL |     vec![0usize; 200];
   |          ~~~~~~~~~~~

error: a `Vec` of `Range` that is only one element
  --> tests/ui/single_range_in_vec_init.rs:37:5
   |
LL |     vec![0..200usize];
   |     ^^^^^^^^^^^^^^^^^
   |
help: if you wanted a `Vec` that contains the entire range, try
   |
LL |     (0..200usize).collect::<std::vec::Vec<usize>>();
   |     ~~~~~~~~~~~~~~~~~~~~~~~~~~~~~~~~~~~~~~~~~~~~~~~
help: if you wanted a `Vec` of len 200usize, try
   |
LL |     vec![0; 200usize];
   |          ~~~~~~~~~~~

error: an array of `Range` that is only one element
  --> tests/ui/single_range_in_vec_init.rs:39:5
   |
LL |     [0..200isize];
   |     ^^^^^^^^^^^^^
   |
help: if you wanted a `Vec` that contains the entire range, try
   |
LL |     (0..200isize).collect::<std::vec::Vec<isize>>();
   |     ~~~~~~~~~~~~~~~~~~~~~~~~~~~~~~~~~~~~~~~~~~~~~~~

error: a `Vec` of `Range` that is only one element
  --> tests/ui/single_range_in_vec_init.rs:40:5
   |
LL |     vec![0..200isize];
   |     ^^^^^^^^^^^^^^^^^
   |
help: if you wanted a `Vec` that contains the entire range, try
   |
LL |     (0..200isize).collect::<std::vec::Vec<isize>>();
   |     ~~~~~~~~~~~~~~~~~~~~~~~~~~~~~~~~~~~~~~~~~~~~~~~

error: a `Vec` of `Range` that is only one element
  --> tests/ui/single_range_in_vec_init.rs:42:13
   |
LL |     let x = vec![0..200];
   |             ^^^^^^^^^^^^
   |
help: if you wanted a `Vec` that contains the entire range, try
   |
LL |     let x = (0..200).collect::<std::vec::Vec<i32>>();
   |             ~~~~~~~~~~~~~~~~~~~~~~~~~~~~~~~~~~~~~~~~
help: if you wanted a `Vec` of len 200, try
   |
LL |     let x = vec![0; 200];
   |                  ~~~~~~
help: if this is intended, give it type annotations
   |
LL |     let x: std::vec::Vec<std::ops::Range<i32>> = vec![0..200];
   |          +++++++++++++++++++++++++++++++++++++

error: aborting due to 11 previous errors

